
Gurobi 12.0.0 (mac64[arm], Python) logging started Sun Apr  6 18:18:49 2025

Set parameter WLSAccessID
Set parameter WLSSecret
Set parameter LicenseID to value 2599701
Set parameter LogFile to value "gurobi.log"

Gurobi 12.0.0 (mac64[arm], Python) logging started Sun Apr  6 18:19:08 2025

Set parameter WLSAccessID
Set parameter WLSSecret
Set parameter LicenseID to value 2599701
Set parameter LogFile to value "gurobi.log"

Gurobi 12.0.0 (mac64[arm], Python) logging started Sun Apr  6 18:20:03 2025

Set parameter WLSAccessID
Set parameter WLSSecret
Set parameter LicenseID to value 2599701
Set parameter LogFile to value "gurobi.log"

Gurobi 12.0.0 (mac64[arm], Python) logging started Sun Apr  6 18:20:29 2025

Set parameter WLSAccessID
Set parameter WLSSecret
Set parameter LicenseID to value 2599701
Set parameter LogFile to value "gurobi.log"

Gurobi 12.0.0 (mac64[arm], Python) logging started Sun Apr  6 18:22:18 2025

Set parameter WLSAccessID
Set parameter WLSSecret
Set parameter LicenseID to value 2599701
Set parameter LogFile to value "gurobi.log"

Gurobi 12.0.0 (mac64[arm], Python) logging started Sun Apr  6 18:23:01 2025

Set parameter Username
Set parameter LicenseID to value 2647855
Set parameter LogFile to value "gurobi.log"
Academic license - for non-commercial use only - expires 2026-04-06
